exports[`test finds all imported modules 1`] = `
Object {
  "base64": "1.2.3",
  "lodash/debounce": "2.3.4",
  "react-redux": null,
}
`;

exports[`test finds all required modules 1`] = `
Object {
  "base64": "1.2.3",
  "lodash/debounce": "2.3.4",
  "react-redux": null,
}
`;

exports[`test writes versions for imported modules 1`] = `
"
    import base64 from \'base64\'; // 1.2.3
    import debounce from \'lodash/debounce\'; // 2.3.4
    import { connect } from \'react-redux\';
  "
`;

exports[`test writes versions for required modules 1`] = `
"
    const base64 = require(\'base64\'); // 1.2.3
    const debounce = require(\'lodash/debounce\'); // 2.3.4
    const { connect } = require(\'react-redux\');
  "
`;
